


ARM Macro Assembler    Page 1 


    1 00000000                 AREA             RESET, CODE ,READONLY
    2 00000000 E3A05101        LDR              R5,=0X40000000
    3 00000004 E3A00000        MOV              R0,0X00
    4 00000008 E3A01001        MOV              R1,0X01
    5 0000000C E3A0400A        MOV              R4,#10
    6 00000010 E0802001 
                       JUMP    ADD              R2,R0,R1
    7 00000014 E4C52001        STRB             R2,[R5],#1
    8 00000018 E1A00001        MOV              R0,R1
    9 0000001C E1A01002        MOV              R1,R2
   10 00000020 E2544001        SUBS             R4,R4,#1
   11 00000024 1AFFFFF9        BNE              JUMP
   12 00000028 EAFFFFFE 
                       HERE    B                HERE
   13 0000002C                 END
Command Line: --debug --xref --apcs=interwork --depend=fab.d -ofab.o -IC:\Keil\
ARM\RV31\INC -IC:\Keil\ARM\CMSIS\Include -IC:\Keil\ARM\Inc\Philips --list=fab.l
st fab.asm



ARM Macro Assembler    Page 1 Alphabetic symbol ordering
Relocatable symbols

HERE 00000028

Symbol: HERE
   Definitions
      At line 12 in file fab.asm
   Uses
      At line 12 in file fab.asm
Comment: HERE used once
JUMP 00000010

Symbol: JUMP
   Definitions
      At line 6 in file fab.asm
   Uses
      At line 11 in file fab.asm
Comment: JUMP used once
RESET 00000000

Symbol: RESET
   Definitions
      At line 1 in file fab.asm
   Uses
      None
Comment: RESET unused
3 symbols
333 symbols in table
