<html>
<body>
<pre>
<h1>µVision Build Log</h1>
<h2>Project:</h2>
E:\Himyansu\ARM program\stepper motor\stepper motor.uvproj
Project File Date:  10/11/2022

<h2>Output:</h2>
compiling stepper_motor.c...
stepper_motor.c(9): warning:  #223-D: function "delay" declared implicitly
stepper_motor.c(26): warning:  #1-D: last line of file ends without a newline
stepper_motor.c - 0 Error(s), 2 Warning(s).
Build target 'Target 1'
assembling Startup.s...
linking...
stepper motor.axf: Error: L6218E: Undefined symbol delay (referred from stepper_motor.o).
Target not created
compiling stepper_motor.c...
stepper_motor.c(9): warning:  #223-D: function "delay" declared implicitly
stepper_motor.c(26): warning:  #1-D: last line of file ends without a newline
stepper_motor.c - 0 Error(s), 2 Warning(s).
compiling stepper_motor.c...
stepper_motor.c(9): warning:  #223-D: function "delay" declared implicitly
stepper_motor.c(26): warning:  #1-D: last line of file ends without a newline
stepper_motor.c - 0 Error(s), 2 Warning(s).
Rebuild target 'Target 1'
assembling Startup.s...
compiling stepper_motor.c...
stepper_motor.c(9): warning:  #223-D: function "delay" declared implicitly
stepper_motor.c(26): warning:  #1-D: last line of file ends without a newline
linking...
stepper motor.axf: Error: L6218E: Undefined symbol delay (referred from stepper_motor.o).
Target not created
Build target 'Target 1'
linking...
stepper motor.axf: Error: L6218E: Undefined symbol delay (referred from stepper_motor.o).
Target not created
Build target 'Target 1'
compiling stepper_motor.c...
stepper_motor.c(32): error:  #29: expected an expression
stepper_motor.c(32): error:  #20: identifier "i" is undefined
stepper_motor.c(34): error:  #29: expected an expression
stepper_motor.c(34): error:  #20: identifier "j" is undefined
stepper_motor.c(37): warning:  #1-D: last line of file ends without a newline
Target not created
compiling stepper_motor.c...
stepper_motor.c(38): warning:  #1-D: last line of file ends without a newline
stepper_motor.c - 0 Error(s), 1 Warning(s).
Build target 'Target 1'
linking...
Program Size: Code=884 RO-data=16 RW-data=0 ZI-data=1256  
FromELF: creating hex file...
"stepper motor.axf" - 0 Error(s), 0 Warning(s).
Rebuild target 'Target 1'
assembling Startup.s...
compiling stepper_motor.c...
stepper_motor.c(38): warning:  #1-D: last line of file ends without a newline
linking...
Program Size: Code=884 RO-data=16 RW-data=0 ZI-data=1256  
FromELF: creating hex file...
"stepper motor.axf" - 0 Error(s), 1 Warning(s).
Rebuild target 'Target 1'
assembling Startup.s...
compiling stepper_motor.c...
stepper_motor.c(53): warning:  #1-D: last line of file ends without a newline
linking...
Program Size: Code=992 RO-data=16 RW-data=0 ZI-data=1256  
FromELF: creating hex file...
"stepper motor.axf" - 0 Error(s), 1 Warning(s).
Build target 'Target 1'
linking...
Program Size: Code=992 RO-data=16 RW-data=0 ZI-data=1256  
FromELF: creating hex file...
"stepper motor.axf" - 0 Error(s), 0 Warning(s).
Rebuild target 'Target 1'
assembling Startup.s...
compiling stepper_motor.c...
stepper_motor.c(53): warning:  #1-D: last line of file ends without a newline
linking...
Program Size: Code=992 RO-data=16 RW-data=0 ZI-data=1256  
FromELF: creating hex file...
"stepper motor.axf" - 0 Error(s), 1 Warning(s).
compiling stepper_motor.c...
stepper_motor.c(53): warning:  #1-D: last line of file ends without a newline
stepper_motor.c - 0 Error(s), 1 Warning(s).
Rebuild target 'Target 1'
assembling Startup.s...
compiling stepper_motor.c...
stepper_motor.c(53): warning:  #1-D: last line of file ends without a newline
linking...
Program Size: Code=1008 RO-data=16 RW-data=0 ZI-data=1256  
FromELF: creating hex file...
"stepper motor.axf" - 0 Error(s), 1 Warning(s).
Rebuild target 'Target 1'
assembling Startup.s...
compiling stepper_motor.c...
stepper_motor.c(53): warning:  #1-D: last line of file ends without a newline
linking...
Program Size: Code=1008 RO-data=16 RW-data=0 ZI-data=1256  
FromELF: creating hex file...
"stepper motor.axf" - 0 Error(s), 1 Warning(s).
Rebuild target 'Target 1'
assembling Startup.s...
compiling stepper_motor.c...
stepper_motor.c(56): warning:  #1-D: last line of file ends without a newline
linking...
Program Size: Code=1036 RO-data=16 RW-data=0 ZI-data=1256  
FromELF: creating hex file...
"stepper motor.axf" - 0 Error(s), 1 Warning(s).
Rebuild target 'Target 1'
assembling Startup.s...
compiling stepper_motor.c...
stepper_motor.c(55): warning:  #1-D: last line of file ends without a newline
linking...
Program Size: Code=1036 RO-data=16 RW-data=0 ZI-data=1256  
FromELF: creating hex file...
"stepper motor.axf" - 0 Error(s), 1 Warning(s).
compiling stepper_motor.c...
stepper_motor.c(55): warning:  #1-D: last line of file ends without a newline
stepper_motor.c - 0 Error(s), 1 Warning(s).
Build target 'Target 1'
linking...
Program Size: Code=1036 RO-data=16 RW-data=0 ZI-data=1256  
FromELF: creating hex file...
"stepper motor.axf" - 0 Error(s), 0 Warning(s).
Rebuild target 'Target 1'
assembling Startup.s...
compiling stepper_motor.c...
stepper_motor.c(55): warning:  #1-D: last line of file ends without a newline
linking...
Program Size: Code=1036 RO-data=16 RW-data=0 ZI-data=1256  
FromELF: creating hex file...
"stepper motor.axf" - 0 Error(s), 1 Warning(s).
Rebuild target 'Target 1'
assembling Startup.s...
compiling stepper_motor.c...
stepper_motor.c(43): warning:  #1-D: last line of file ends without a newline
linking...
Program Size: Code=912 RO-data=16 RW-data=0 ZI-data=1256  
FromELF: creating hex file...
"stepper motor.axf" - 0 Error(s), 1 Warning(s).
compiling stepper_motor.c...
stepper_motor.c(52): warning:  #1-D: last line of file ends without a newline
stepper_motor.c - 0 Error(s), 1 Warning(s).
Build target 'Target 1'
linking...
Program Size: Code=1008 RO-data=16 RW-data=0 ZI-data=1256  
FromELF: creating hex file...
"stepper motor.axf" - 0 Error(s), 0 Warning(s).
compiling stepper_motor.c...
stepper_motor.c(55): warning:  #1-D: last line of file ends without a newline
stepper_motor.c - 0 Error(s), 1 Warning(s).
Build target 'Target 1'
linking...
Program Size: Code=1036 RO-data=16 RW-data=0 ZI-data=1256  
FromELF: creating hex file...
"stepper motor.axf" - 0 Error(s), 0 Warning(s).
compiling stepper_motor.c...
stepper_motor.c(43): warning:  #1-D: last line of file ends without a newline
stepper_motor.c - 0 Error(s), 1 Warning(s).
Rebuild target 'Target 1'
assembling Startup.s...
compiling stepper_motor.c...
stepper_motor.c(43): warning:  #1-D: last line of file ends without a newline
linking...
Program Size: Code=912 RO-data=16 RW-data=0 ZI-data=1256  
FromELF: creating hex file...
"stepper motor.axf" - 0 Error(s), 1 Warning(s).
compiling stepper_motor.c...
stepper_motor.c(41): warning:  #1-D: last line of file ends without a newline
stepper_motor.c - 0 Error(s), 1 Warning(s).
Rebuild target 'Target 1'
assembling Startup.s...
compiling stepper_motor.c...
stepper_motor.c(41): warning:  #1-D: last line of file ends without a newline
linking...
Program Size: Code=892 RO-data=16 RW-data=0 ZI-data=1256  
FromELF: creating hex file...
"stepper motor.axf" - 0 Error(s), 1 Warning(s).
compiling stepper_motor.c...
stepper_motor.c(58): warning:  #1-D: last line of file ends without a newline
stepper_motor.c - 0 Error(s), 1 Warning(s).
Rebuild target 'Target 1'
assembling Startup.s...
compiling stepper_motor.c...
stepper_motor.c(58): warning:  #1-D: last line of file ends without a newline
linking...
Program Size: Code=1028 RO-data=16 RW-data=0 ZI-data=1256  
FromELF: creating hex file...
"stepper motor.axf" - 0 Error(s), 1 Warning(s).
